Archive member included because of file (symbol)

c:/sdk/sdk_win_64/sdk_win_64/winavr/bin/../lib/gcc/avr/4.3.3/avr5\libgcc.a(_mulsi3.o)
                              ./MCAL/TIMER0/TIMER0_prog.o (__mulsi3)
c:/sdk/sdk_win_64/sdk_win_64/winavr/bin/../lib/gcc/avr/4.3.3/avr5\libgcc.a(_divmodsi4.o)
                              ./HAL/LCD/LCD_prog.o (__divmodsi4)
c:/sdk/sdk_win_64/sdk_win_64/winavr/bin/../lib/gcc/avr/4.3.3/avr5\libgcc.a(_exit.o)
                              c:/sdk/sdk_win_64/sdk_win_64/winavr/bin/../lib/gcc/avr/4.3.3/../../../../avr/lib/avr5/crtm32.o (exit)
c:/sdk/sdk_win_64/sdk_win_64/winavr/bin/../lib/gcc/avr/4.3.3/avr5\libgcc.a(_copy_data.o)
                              ./HAL/Switch/Switch_config.o (__do_copy_data)
c:/sdk/sdk_win_64/sdk_win_64/winavr/bin/../lib/gcc/avr/4.3.3/avr5\libgcc.a(_clear_bss.o)
                              ./MCAL/TIMER0/TIMER0_prog.o (__do_clear_bss)
c:/sdk/sdk_win_64/sdk_win_64/winavr/bin/../lib/gcc/avr/4.3.3/avr5\libgcc.a(_fixunssfsi.o)
                              ./HAL/Switch/Switch_prog.o (__fixunssfsi)
c:/sdk/sdk_win_64/sdk_win_64/winavr/bin/../lib/gcc/avr/4.3.3/avr5\libgcc.a(_addsub_sf.o)
                              ./HAL/LCD/LCD_prog.o (__subsf3)
c:/sdk/sdk_win_64/sdk_win_64/winavr/bin/../lib/gcc/avr/4.3.3/avr5\libgcc.a(_mul_sf.o)
                              ./HAL/Switch/Switch_prog.o (__mulsf3)
c:/sdk/sdk_win_64/sdk_win_64/winavr/bin/../lib/gcc/avr/4.3.3/avr5\libgcc.a(_gt_sf.o)
                              ./HAL/Switch/Switch_prog.o (__gtsf2)
c:/sdk/sdk_win_64/sdk_win_64/winavr/bin/../lib/gcc/avr/4.3.3/avr5\libgcc.a(_ge_sf.o)
                              c:/sdk/sdk_win_64/sdk_win_64/winavr/bin/../lib/gcc/avr/4.3.3/avr5\libgcc.a(_fixunssfsi.o) (__gesf2)
c:/sdk/sdk_win_64/sdk_win_64/winavr/bin/../lib/gcc/avr/4.3.3/avr5\libgcc.a(_lt_sf.o)
                              ./HAL/Switch/Switch_prog.o (__ltsf2)
c:/sdk/sdk_win_64/sdk_win_64/winavr/bin/../lib/gcc/avr/4.3.3/avr5\libgcc.a(_si_to_sf.o)
                              ./HAL/LCD/LCD_prog.o (__floatsisf)
c:/sdk/sdk_win_64/sdk_win_64/winavr/bin/../lib/gcc/avr/4.3.3/avr5\libgcc.a(_sf_to_si.o)
                              ./HAL/LCD/LCD_prog.o (__fixsfsi)
c:/sdk/sdk_win_64/sdk_win_64/winavr/bin/../lib/gcc/avr/4.3.3/avr5\libgcc.a(_thenan_sf.o)
                              c:/sdk/sdk_win_64/sdk_win_64/winavr/bin/../lib/gcc/avr/4.3.3/avr5\libgcc.a(_addsub_sf.o) (__thenan_sf)
c:/sdk/sdk_win_64/sdk_win_64/winavr/bin/../lib/gcc/avr/4.3.3/avr5\libgcc.a(_udivmodsi4.o)
                              c:/sdk/sdk_win_64/sdk_win_64/winavr/bin/../lib/gcc/avr/4.3.3/avr5\libgcc.a(_divmodsi4.o) (__udivmodsi4)
c:/sdk/sdk_win_64/sdk_win_64/winavr/bin/../lib/gcc/avr/4.3.3/avr5\libgcc.a(_prologue.o)
                              c:/sdk/sdk_win_64/sdk_win_64/winavr/bin/../lib/gcc/avr/4.3.3/avr5\libgcc.a(_addsub_sf.o) (__prologue_saves__)
c:/sdk/sdk_win_64/sdk_win_64/winavr/bin/../lib/gcc/avr/4.3.3/avr5\libgcc.a(_epilogue.o)
                              c:/sdk/sdk_win_64/sdk_win_64/winavr/bin/../lib/gcc/avr/4.3.3/avr5\libgcc.a(_addsub_sf.o) (__epilogue_restores__)
c:/sdk/sdk_win_64/sdk_win_64/winavr/bin/../lib/gcc/avr/4.3.3/avr5\libgcc.a(_clzsi2.o)
                              c:/sdk/sdk_win_64/sdk_win_64/winavr/bin/../lib/gcc/avr/4.3.3/avr5\libgcc.a(_si_to_sf.o) (__clzsi2)
c:/sdk/sdk_win_64/sdk_win_64/winavr/bin/../lib/gcc/avr/4.3.3/avr5\libgcc.a(_pack_sf.o)
                              c:/sdk/sdk_win_64/sdk_win_64/winavr/bin/../lib/gcc/avr/4.3.3/avr5\libgcc.a(_addsub_sf.o) (__pack_f)
c:/sdk/sdk_win_64/sdk_win_64/winavr/bin/../lib/gcc/avr/4.3.3/avr5\libgcc.a(_unpack_sf.o)
                              c:/sdk/sdk_win_64/sdk_win_64/winavr/bin/../lib/gcc/avr/4.3.3/avr5\libgcc.a(_addsub_sf.o) (__unpack_f)
c:/sdk/sdk_win_64/sdk_win_64/winavr/bin/../lib/gcc/avr/4.3.3/avr5\libgcc.a(_fpcmp_parts_sf.o)
                              c:/sdk/sdk_win_64/sdk_win_64/winavr/bin/../lib/gcc/avr/4.3.3/avr5\libgcc.a(_gt_sf.o) (__fpcmp_parts_f)
c:/sdk/sdk_win_64/sdk_win_64/winavr/bin/../lib/gcc/avr/4.3.3/avr5\libgcc.a(_clz.o)
                              c:/sdk/sdk_win_64/sdk_win_64/winavr/bin/../lib/gcc/avr/4.3.3/avr5\libgcc.a(_clzsi2.o) (__clz_tab)

Allocating common symbols
Common symbol       size              file

RequestQueue        0xa               ./DoorControl/Queue/Queue.o

Memory Configuration

Name             Origin             Length             Attributes
text             0x00000000         0x00020000         xr
data             0x00800060         0x0000ffa0         rw !x
eeprom           0x00810000         0x00010000         rw !x
fuse             0x00820000         0x00000400         rw !x
lock             0x00830000         0x00000400         rw !x
signature        0x00840000         0x00000400         rw !x
*default*        0x00000000         0xffffffff

Linker script and memory map

LOAD c:/sdk/sdk_win_64/sdk_win_64/winavr/bin/../lib/gcc/avr/4.3.3/../../../../avr/lib/avr5/crtm32.o
LOAD ./MCAL/TIMER0/TIMER0_prog.o
LOAD ./MCAL/EXTI/EXTI_prog.o
LOAD ./MCAL/DIO/DIO_prog.o
LOAD ./MCAL/ADC/ADC_prog.o
LOAD ./HAL/Switch/Switch_config.o
LOAD ./HAL/Switch/Switch_prog.o
LOAD ./HAL/LED/LED_prog.o
LOAD ./HAL/LCD/LCD_prog.o
LOAD ./HAL/Keypad/Keypad_prog.o
LOAD ./HAL/Buzzer/Buzz_prog.o
LOAD ./DoorControl/sensor/Sensor.o
LOAD ./DoorControl/Safety/Safety.o
LOAD ./DoorControl/Queue/Queue.o
LOAD ./DoorControl/Door/Door.o
LOAD ./APP/StateMachine/StateMachine.o
LOAD ./APP/Scheduler/Schedule.o
LOAD ./APP/Elevator/Elevator_Manager.o
LOAD ./.metadata/.plugins/org.eclipse.cdt.make.core/specs.o
LOAD ./main.o
LOAD c:/sdk/sdk_win_64/sdk_win_64/winavr/bin/../lib/gcc/avr/4.3.3/avr5\libgcc.a
LOAD c:/sdk/sdk_win_64/sdk_win_64/winavr/bin/../lib/gcc/avr/4.3.3/../../../../avr/lib/avr5\libc.a
LOAD c:/sdk/sdk_win_64/sdk_win_64/winavr/bin/../lib/gcc/avr/4.3.3/avr5\libgcc.a

.hash
 *(.hash)

.dynsym
 *(.dynsym)

.dynstr
 *(.dynstr)

.gnu.version
 *(.gnu.version)

.gnu.version_d
 *(.gnu.version_d)

.gnu.version_r
 *(.gnu.version_r)

.rel.init
 *(.rel.init)

.rela.init
 *(.rela.init)

.rel.text
 *(.rel.text)
 *(.rel.text.*)
 *(.rel.gnu.linkonce.t*)

.rela.text
 *(.rela.text)
 *(.rela.text.*)
 *(.rela.gnu.linkonce.t*)

.rel.fini
 *(.rel.fini)

.rela.fini
 *(.rela.fini)

.rel.rodata
 *(.rel.rodata)
 *(.rel.rodata.*)
 *(.rel.gnu.linkonce.r*)

.rela.rodata
 *(.rela.rodata)
 *(.rela.rodata.*)
 *(.rela.gnu.linkonce.r*)

.rel.data
 *(.rel.data)
 *(.rel.data.*)
 *(.rel.gnu.linkonce.d*)

.rela.data
 *(.rela.data)
 *(.rela.data.*)
 *(.rela.gnu.linkonce.d*)

.rel.ctors
 *(.rel.ctors)

.rela.ctors
 *(.rela.ctors)

.rel.dtors
 *(.rel.dtors)

.rela.dtors
 *(.rela.dtors)

.rel.got
 *(.rel.got)

.rela.got
 *(.rela.got)

.rel.bss
 *(.rel.bss)

.rela.bss
 *(.rela.bss)

.rel.plt
 *(.rel.plt)

.rela.plt
 *(.rela.plt)

.text           0x00000000     0x3c6a
 *(.vectors)
 .vectors       0x00000000       0x54 c:/sdk/sdk_win_64/sdk_win_64/winavr/bin/../lib/gcc/avr/4.3.3/../../../../avr/lib/avr5/crtm32.o
                0x00000000                __vectors
                0x00000000                __vector_default
 *(.vectors)
 *(.progmem.gcc*)
 *(.progmem*)
                0x00000054                . = ALIGN (0x2)
                0x00000054                __trampolines_start = .
 *(.trampolines)
 .trampolines   0x00000054        0x0 linker stubs
 *(.trampolines*)
                0x00000054                __trampolines_end = .
 *(.jumptables)
 *(.jumptables*)
 *(.lowtext)
 *(.lowtext*)
                0x00000054                __ctors_start = .
 *(.ctors)
                0x00000054                __ctors_end = .
                0x00000054                __dtors_start = .
 *(.dtors)
                0x00000054                __dtors_end = .
 SORT(*)(.ctors)
 SORT(*)(.dtors)
 *(.init0)
 .init0         0x00000054        0x0 c:/sdk/sdk_win_64/sdk_win_64/winavr/bin/../lib/gcc/avr/4.3.3/../../../../avr/lib/avr5/crtm32.o
                0x00000054                __init
 *(.init0)
 *(.init1)
 *(.init1)
 *(.init2)
 .init2         0x00000054        0xc c:/sdk/sdk_win_64/sdk_win_64/winavr/bin/../lib/gcc/avr/4.3.3/../../../../avr/lib/avr5/crtm32.o
 *(.init2)
 *(.init3)
 *(.init3)
 *(.init4)
 .init4         0x00000060       0x16 c:/sdk/sdk_win_64/sdk_win_64/winavr/bin/../lib/gcc/avr/4.3.3/avr5\libgcc.a(_copy_data.o)
                0x00000060                __do_copy_data
 .init4         0x00000076       0x10 c:/sdk/sdk_win_64/sdk_win_64/winavr/bin/../lib/gcc/avr/4.3.3/avr5\libgcc.a(_clear_bss.o)
                0x00000076                __do_clear_bss
 *(.init4)
 *(.init5)
 *(.init5)
 *(.init6)
 *(.init6)
 *(.init7)
 *(.init7)
 *(.init8)
 *(.init8)
 *(.init9)
 .init9         0x00000086        0x8 c:/sdk/sdk_win_64/sdk_win_64/winavr/bin/../lib/gcc/avr/4.3.3/../../../../avr/lib/avr5/crtm32.o
 *(.init9)
 *(.text)
 .text          0x0000008e        0x4 c:/sdk/sdk_win_64/sdk_win_64/winavr/bin/../lib/gcc/avr/4.3.3/../../../../avr/lib/avr5/crtm32.o
                0x0000008e                __vector_12
                0x0000008e                __bad_interrupt
                0x0000008e                __vector_6
                0x0000008e                __vector_13
                0x0000008e                __vector_17
                0x0000008e                __vector_19
                0x0000008e                __vector_7
                0x0000008e                __vector_5
                0x0000008e                __vector_4
                0x0000008e                __vector_9
                0x0000008e                __vector_15
                0x0000008e                __vector_8
                0x0000008e                __vector_14
                0x0000008e                __vector_10
                0x0000008e                __vector_18
                0x0000008e                __vector_20
 .text          0x00000092        0x0 ./MCAL/TIMER0/TIMER0_prog.o
 .text          0x00000092        0x0 ./MCAL/EXTI/EXTI_prog.o
 .text          0x00000092        0x0 ./MCAL/DIO/DIO_prog.o
 .text          0x00000092        0x0 ./MCAL/ADC/ADC_prog.o
 .text          0x00000092        0x0 ./HAL/Switch/Switch_config.o
 .text          0x00000092        0x0 ./HAL/Switch/Switch_prog.o
 .text          0x00000092        0x0 ./HAL/LED/LED_prog.o
 .text          0x00000092        0x0 ./HAL/LCD/LCD_prog.o
 .text          0x00000092        0x0 ./HAL/Keypad/Keypad_prog.o
 .text          0x00000092        0x0 ./HAL/Buzzer/Buzz_prog.o
 .text          0x00000092        0x0 ./DoorControl/sensor/Sensor.o
 .text          0x00000092        0x0 ./DoorControl/Safety/Safety.o
 .text          0x00000092        0x0 ./DoorControl/Queue/Queue.o
 .text          0x00000092        0x0 ./DoorControl/Door/Door.o
 .text          0x00000092        0x0 ./APP/StateMachine/StateMachine.o
 .text          0x00000092        0x0 ./APP/Scheduler/Schedule.o
 .text          0x00000092        0x0 ./APP/Elevator/Elevator_Manager.o
 .text          0x00000092        0x0 ./.metadata/.plugins/org.eclipse.cdt.make.core/specs.o
 .text          0x00000092        0x0 ./main.o
 .text          0x00000092        0x0 c:/sdk/sdk_win_64/sdk_win_64/winavr/bin/../lib/gcc/avr/4.3.3/avr5\libgcc.a(_mulsi3.o)
 .text          0x00000092        0x0 c:/sdk/sdk_win_64/sdk_win_64/winavr/bin/../lib/gcc/avr/4.3.3/avr5\libgcc.a(_divmodsi4.o)
 .text          0x00000092        0x0 c:/sdk/sdk_win_64/sdk_win_64/winavr/bin/../lib/gcc/avr/4.3.3/avr5\libgcc.a(_exit.o)
 .text          0x00000092        0x0 c:/sdk/sdk_win_64/sdk_win_64/winavr/bin/../lib/gcc/avr/4.3.3/avr5\libgcc.a(_copy_data.o)
 .text          0x00000092        0x0 c:/sdk/sdk_win_64/sdk_win_64/winavr/bin/../lib/gcc/avr/4.3.3/avr5\libgcc.a(_clear_bss.o)
 .text          0x00000092       0x58 c:/sdk/sdk_win_64/sdk_win_64/winavr/bin/../lib/gcc/avr/4.3.3/avr5\libgcc.a(_fixunssfsi.o)
                0x00000092                __fixunssfsi
 .text          0x000000ea      0x354 c:/sdk/sdk_win_64/sdk_win_64/winavr/bin/../lib/gcc/avr/4.3.3/avr5\libgcc.a(_addsub_sf.o)
                0x00000382                __subsf3
                0x000003e4                __addsf3
 .text          0x0000043e      0x1f4 c:/sdk/sdk_win_64/sdk_win_64/winavr/bin/../lib/gcc/avr/4.3.3/avr5\libgcc.a(_mul_sf.o)
                0x0000043e                __mulsf3
 .text          0x00000632       0x60 c:/sdk/sdk_win_64/sdk_win_64/winavr/bin/../lib/gcc/avr/4.3.3/avr5\libgcc.a(_gt_sf.o)
                0x00000632                __gtsf2
 .text          0x00000692       0x60 c:/sdk/sdk_win_64/sdk_win_64/winavr/bin/../lib/gcc/avr/4.3.3/avr5\libgcc.a(_ge_sf.o)
                0x00000692                __gesf2
 .text          0x000006f2       0x60 c:/sdk/sdk_win_64/sdk_win_64/winavr/bin/../lib/gcc/avr/4.3.3/avr5\libgcc.a(_lt_sf.o)
                0x000006f2                __ltsf2
 .text          0x00000752       0xbc c:/sdk/sdk_win_64/sdk_win_64/winavr/bin/../lib/gcc/avr/4.3.3/avr5\libgcc.a(_si_to_sf.o)
                0x00000752                __floatsisf
 .text          0x0000080e       0xa8 c:/sdk/sdk_win_64/sdk_win_64/winavr/bin/../lib/gcc/avr/4.3.3/avr5\libgcc.a(_sf_to_si.o)
                0x0000080e                __fixsfsi
 .text          0x000008b6        0x0 c:/sdk/sdk_win_64/sdk_win_64/winavr/bin/../lib/gcc/avr/4.3.3/avr5\libgcc.a(_thenan_sf.o)
 .text          0x000008b6        0x0 c:/sdk/sdk_win_64/sdk_win_64/winavr/bin/../lib/gcc/avr/4.3.3/avr5\libgcc.a(_udivmodsi4.o)
 .text          0x000008b6        0x0 c:/sdk/sdk_win_64/sdk_win_64/winavr/bin/../lib/gcc/avr/4.3.3/avr5\libgcc.a(_prologue.o)
 .text          0x000008b6        0x0 c:/sdk/sdk_win_64/sdk_win_64/winavr/bin/../lib/gcc/avr/4.3.3/avr5\libgcc.a(_epilogue.o)
 .text          0x000008b6       0x9e c:/sdk/sdk_win_64/sdk_win_64/winavr/bin/../lib/gcc/avr/4.3.3/avr5\libgcc.a(_clzsi2.o)
                0x000008b6                __clzsi2
 .text          0x00000954      0x1aa c:/sdk/sdk_win_64/sdk_win_64/winavr/bin/../lib/gcc/avr/4.3.3/avr5\libgcc.a(_pack_sf.o)
                0x00000954                __pack_f
 .text          0x00000afe       0xf0 c:/sdk/sdk_win_64/sdk_win_64/winavr/bin/../lib/gcc/avr/4.3.3/avr5\libgcc.a(_unpack_sf.o)
                0x00000afe                __unpack_f
 .text          0x00000bee       0xb2 c:/sdk/sdk_win_64/sdk_win_64/winavr/bin/../lib/gcc/avr/4.3.3/avr5\libgcc.a(_fpcmp_parts_sf.o)
                0x00000bee                __fpcmp_parts_f
 .text          0x00000ca0        0x0 c:/sdk/sdk_win_64/sdk_win_64/winavr/bin/../lib/gcc/avr/4.3.3/avr5\libgcc.a(_clz.o)
                0x00000ca0                . = ALIGN (0x2)
 *(.text.*)
 .text.TIMER0_vidInit
                0x00000ca0       0x24 ./MCAL/TIMER0/TIMER0_prog.o
                0x00000ca0                TIMER0_vidInit
 .text.TIMER0_vidSetCallBack
                0x00000cc4       0x2c ./MCAL/TIMER0/TIMER0_prog.o
                0x00000cc4                TIMER0_vidSetCallBack
 .text.TIMER0_vidDelayMs
                0x00000cf0       0xe4 ./MCAL/TIMER0/TIMER0_prog.o
                0x00000cf0                TIMER0_vidDelayMs
 .text.TIMER0_vidDelayMsAsynch
                0x00000dd4       0x2c ./MCAL/TIMER0/TIMER0_prog.o
                0x00000dd4                TIMER0_vidDelayMsAsynch
 .text.__vector_11
                0x00000e00       0x66 ./MCAL/TIMER0/TIMER0_prog.o
                0x00000e00                __vector_11
 .text.EXTI_vidInit
                0x00000e66       0x7e ./MCAL/EXTI/EXTI_prog.o
                0x00000e66                EXTI_vidInit
 .text.EXTI_vidSetCallback
                0x00000ee4       0x60 ./MCAL/EXTI/EXTI_prog.o
                0x00000ee4                EXTI_vidSetCallback
 .text.__vector_1
                0x00000f44       0x66 ./MCAL/EXTI/EXTI_prog.o
                0x00000f44                __vector_1
 .text.__vector_2
                0x00000faa       0x66 ./MCAL/EXTI/EXTI_prog.o
                0x00000faa                __vector_2
 .text.__vector_3
                0x00001010       0x66 ./MCAL/EXTI/EXTI_prog.o
                0x00001010                __vector_3
 .text.DIO_vidSetPinMode
                0x00001076      0x2fc ./MCAL/DIO/DIO_prog.o
                0x00001076                DIO_vidSetPinMode
 .text.DIO_vidSetPinValue
                0x00001372      0x1d0 ./MCAL/DIO/DIO_prog.o
                0x00001372                DIO_vidSetPinValue
 .text.DIO_vidTogglePinValue
                0x00001542       0xe4 ./MCAL/DIO/DIO_prog.o
                0x00001542                DIO_vidTogglePinValue
 .text.DIO_enuGetPinValue
                0x00001626       0xde ./MCAL/DIO/DIO_prog.o
                0x00001626                DIO_enuGetPinValue
 .text.ADC_vidSelectChannel
                0x00001704       0x38 ./MCAL/ADC/ADC_prog.o
                0x00001704                ADC_vidSelectChannel
 .text.ADC_vidInit
                0x0000173c       0x5c ./MCAL/ADC/ADC_prog.o
                0x0000173c                ADC_vidInit
 .text.ADC_u8GetLoadPercentage
                0x00001798       0x50 ./MCAL/ADC/ADC_prog.o
                0x00001798                ADC_u8GetLoadPercentage
 .text.ADC_u8GetHighRead
                0x000017e8       0x14 ./MCAL/ADC/ADC_prog.o
                0x000017e8                ADC_u8GetHighRead
 .text.ADC_u16GetRead
                0x000017fc       0x40 ./MCAL/ADC/ADC_prog.o
                0x000017fc                ADC_u16GetRead
 .text.ADC_vidSelectAutoTrigger
                0x0000183c       0x4e ./MCAL/ADC/ADC_prog.o
                0x0000183c                ADC_vidSelectAutoTrigger
 .text.ADC_vidEnable
                0x0000188a       0x1c ./MCAL/ADC/ADC_prog.o
                0x0000188a                ADC_vidEnable
 .text.ADC_vidDisable
                0x000018a6       0x1c ./MCAL/ADC/ADC_prog.o
                0x000018a6                ADC_vidDisable
 .text.ADC_vidEnableInterrupt
                0x000018c2       0x1c ./MCAL/ADC/ADC_prog.o
                0x000018c2                ADC_vidEnableInterrupt
 .text.ADC_vidDisableInterrupt
                0x000018de       0x1c ./MCAL/ADC/ADC_prog.o
                0x000018de                ADC_vidDisableInterrupt
 .text.ADC_vidSetCallback
                0x000018fa       0x2c ./MCAL/ADC/ADC_prog.o
                0x000018fa                ADC_vidSetCallback
 .text.__vector_16
                0x00001926       0x66 ./MCAL/ADC/ADC_prog.o
                0x00001926                __vector_16
 .text.Switch_vidInit
                0x0000198c       0x2e ./HAL/Switch/Switch_prog.o
                0x0000198c                Switch_vidInit
 .text.Switch_u8GetHallCall
                0x000019ba      0x196 ./HAL/Switch/Switch_prog.o
                0x000019ba                Switch_u8GetHallCall
 .text.LED_voidInit
                0x00001b50       0x2e ./HAL/LED/LED_prog.o
                0x00001b50                LED_voidInit
 .text.LED_voidOn
                0x00001b7e       0x7e ./HAL/LED/LED_prog.o
                0x00001b7e                LED_voidOn
 .text.LED_voidOff
                0x00001bfc       0x7e ./HAL/LED/LED_prog.o
                0x00001bfc                LED_voidOff
 .text.LED_voidToggle
                0x00001c7a       0xce ./HAL/LED/LED_prog.o
                0x00001c7a                LED_voidToggle
 .text.vidWriteNLatch
                0x00001d48       0xb6 ./HAL/LCD/LCD_prog.o
 .text.LCD_vidSendCommand
                0x00001dfe       0x2a ./HAL/LCD/LCD_prog.o
                0x00001dfe                LCD_vidSendCommand
 .text.LCD_vidSendData
                0x00001e28       0x2a ./HAL/LCD/LCD_prog.o
                0x00001e28                LCD_vidSendData
 .text.LCD_vidInit
                0x00001e52       0x7e ./HAL/LCD/LCD_prog.o
                0x00001e52                LCD_vidInit
 .text.LCD_vidSendString
                0x00001ed0       0x52 ./HAL/LCD/LCD_prog.o
                0x00001ed0                LCD_vidSendString
 .text.LCD_vidSetPositionXY
                0x00001f22       0x3e ./HAL/LCD/LCD_prog.o
                0x00001f22                LCD_vidSetPositionXY
 .text.LCD_vidSendIntegarNumber
                0x00001f60      0x11e ./HAL/LCD/LCD_prog.o
                0x00001f60                LCD_vidSendIntegarNumber
 .text.LCD_vidSendFloatNumber
                0x0000207e      0x102 ./HAL/LCD/LCD_prog.o
                0x0000207e                LCD_vidSendFloatNumber
 .text.LCD_vidSendPattern
                0x00002180       0xc0 ./HAL/LCD/LCD_prog.o
                0x00002180                LCD_vidSendPattern
 .text.Keypad_vidInit
                0x00002240       0x46 ./HAL/Keypad/Keypad_prog.o
                0x00002240                Keypad_vidInit
 .text.Keypad_u8GetPressedKey
                0x00002286      0x288 ./HAL/Keypad/Keypad_prog.o
                0x00002286                Keypad_u8GetPressedKey
 .text.Buzzer_vidInit
                0x0000250e       0x16 ./HAL/Buzzer/Buzz_prog.o
                0x0000250e                Buzzer_vidInit
 .text.Buzzer_vidKeyClick
                0x00002524      0x11a ./HAL/Buzzer/Buzz_prog.o
                0x00002524                Buzzer_vidKeyClick
 .text.Buzzer_vidErrorKey
                0x0000263e      0x11a ./HAL/Buzzer/Buzz_prog.o
                0x0000263e                Buzzer_vidErrorKey
 .text.Buzzer_vidArrivalChime
                0x00002758      0x2f2 ./HAL/Buzzer/Buzz_prog.o
                0x00002758                Buzzer_vidArrivalChime
 .text.Buzzer_vidOverload
                0x00002a4a      0x1fe ./HAL/Buzzer/Buzz_prog.o
                0x00002a4a                Buzzer_vidOverload
 .text.Buzzer_vidEstop
                0x00002c48      0x11a ./HAL/Buzzer/Buzz_prog.o
                0x00002c48                Buzzer_vidEstop
 .text.IR_vidInit
                0x00002d62       0x1e ./DoorControl/sensor/Sensor.o
                0x00002d62                IR_vidInit
 .text.IR_u8IsObjectDetected
                0x00002d80       0x14 ./DoorControl/sensor/Sensor.o
                0x00002d80                IR_u8IsObjectDetected
 .text.Safety_vidinit
                0x00002d94       0x16 ./DoorControl/Safety/Safety.o
                0x00002d94                Safety_vidinit
 .text.Elevator_vidObstructionISR
                0x00002daa       0x7a ./DoorControl/Safety/Safety.o
                0x00002daa                Elevator_vidObstructionISR
 .text.Elevator_vidOverLoadCheck
                0x00002e24       0xe2 ./DoorControl/Safety/Safety.o
                0x00002e24                Elevator_vidOverLoadCheck
 .text.Elevator_vidEmergency
                0x00002f06       0x4a ./DoorControl/Safety/Safety.o
                0x00002f06                Elevator_vidEmergency
 .text.Elevator_vidSafetyTask
                0x00002f50       0x2a ./DoorControl/Safety/Safety.o
                0x00002f50                Elevator_vidSafetyTask
 .text.Elevator_vidReadCabinButtons
                0x00002f7a       0x4e ./DoorControl/Queue/Queue.o
                0x00002f7a                Elevator_vidReadCabinButtons
 .text.Elevator_vidReadHallButtons
                0x00002fc8       0x56 ./DoorControl/Queue/Queue.o
                0x00002fc8                Elevator_vidReadHallButtons
 .text.Elevator_vidProcessRequests
                0x0000301e       0x44 ./DoorControl/Queue/Queue.o
                0x0000301e                Elevator_vidProcessRequests
 .text.Elevator_vidDisplayTask
                0x00003062       0x30 ./DoorControl/Queue/Queue.o
                0x00003062                Elevator_vidDisplayTask
 .text.Elevator_vidMove
                0x00003092       0xb8 ./DoorControl/Queue/Queue.o
                0x00003092                Elevator_vidMove
 .text.Elevator_vidInit
                0x0000314a       0x26 ./DoorControl/Door/Door.o
                0x0000314a                Elevator_vidInit
 .text.Elevator_vidDoorOpen
                0x00003170       0x60 ./DoorControl/Door/Door.o
                0x00003170                Elevator_vidDoorOpen
 .text.Elevator_vidDoorClose
                0x000031d0       0x52 ./DoorControl/Door/Door.o
                0x000031d0                Elevator_vidDoorClose
 .text.Elevator_vidDoorTask
                0x00003222       0x40 ./DoorControl/Door/Door.o
                0x00003222                Elevator_vidDoorTask
 .text.StateMachine_vidInit
                0x00003262       0x12 ./APP/StateMachine/StateMachine.o
                0x00003262                StateMachine_vidInit
 .text.StateMachine_vidUpdate
                0x00003274       0x7e ./APP/StateMachine/StateMachine.o
                0x00003274                StateMachine_vidUpdate
 .text.Scheduler_vidInit
                0x000032f2       0x9a ./APP/Scheduler/Schedule.o
                0x000032f2                Scheduler_vidInit
 .text.Scheduler_vidStart
                0x0000338c      0x16c ./APP/Scheduler/Schedule.o
                0x0000338c                Scheduler_vidStart
 .text.Scheduler_u8CreateTask
                0x000034f8      0x10a ./APP/Scheduler/Schedule.o
                0x000034f8                Scheduler_u8CreateTask
 .text.Scheduler_vidTick
                0x00003602       0x14 ./APP/Scheduler/Schedule.o
 .text.ElevatorManager_vidInit
                0x00003616       0x12 ./APP/Elevator/Elevator_Manager.o
                0x00003616                ElevatorManager_vidInit
 .text.ElevatorManager_vidUpdate
                0x00003628       0x48 ./APP/Elevator/Elevator_Manager.o
                0x00003628                ElevatorManager_vidUpdate
 .text.Elevator_vidShowMessage
                0x00003670       0x26 ./main.o
 .text.Elevator_vidShowFloorMessage
                0x00003696       0x3e ./main.o
 .text.Elevator_vidUpdateFloorLED
                0x000036d4       0x90 ./main.o
 .text.Elevator_vidInitAll
                0x00003764       0x62 ./main.o
 .text.Elevator_vidMoveToFloor
                0x000037c6       0xa6 ./main.o
 .text.Elevator_vidRequestFloor
                0x0000386c       0x6a ./main.o
 .text.Elevator_vidOpenDoor
                0x000038d6       0x3e ./main.o
 .text.Elevator_vidCloseDoor
                0x00003914       0x40 ./main.o
 .text.Elevator_bIsEmergencyPressed
                0x00003954       0x46 ./main.o
 .text.Elevator_vidHandleEmergency
                0x0000399a       0x6c ./main.o
 .text.Elevator_vidHandleHallCalls
                0x00003a06       0x36 ./main.o
 .text.Elevator_vidHandleKeypad
                0x00003a3c       0x88 ./main.o
 .text.main     0x00003ac4       0x7c ./main.o
                0x00003ac4                main
 .text.libgcc   0x00003b40       0x3e c:/sdk/sdk_win_64/sdk_win_64/winavr/bin/../lib/gcc/avr/4.3.3/avr5\libgcc.a(_mulsi3.o)
                0x00003b40                __mulsi3
 .text.libgcc   0x00003b7e       0x36 c:/sdk/sdk_win_64/sdk_win_64/winavr/bin/../lib/gcc/avr/4.3.3/avr5\libgcc.a(_divmodsi4.o)
                0x00003b7e                __divmodsi4
 .text.libgcc   0x00003bb4        0x0 c:/sdk/sdk_win_64/sdk_win_64/winavr/bin/../lib/gcc/avr/4.3.3/avr5\libgcc.a(_exit.o)
 .text.libgcc   0x00003bb4        0x0 c:/sdk/sdk_win_64/sdk_win_64/winavr/bin/../lib/gcc/avr/4.3.3/avr5\libgcc.a(_copy_data.o)
 .text.libgcc   0x00003bb4        0x0 c:/sdk/sdk_win_64/sdk_win_64/winavr/bin/../lib/gcc/avr/4.3.3/avr5\libgcc.a(_clear_bss.o)
 .text.libgcc   0x00003bb4       0x44 c:/sdk/sdk_win_64/sdk_win_64/winavr/bin/../lib/gcc/avr/4.3.3/avr5\libgcc.a(_udivmodsi4.o)
                0x00003bb4                __udivmodsi4
 .text.libgcc   0x00003bf8       0x38 c:/sdk/sdk_win_64/sdk_win_64/winavr/bin/../lib/gcc/avr/4.3.3/avr5\libgcc.a(_prologue.o)
                0x00003bf8                __prologue_saves__
 .text.libgcc   0x00003c30       0x36 c:/sdk/sdk_win_64/sdk_win_64/winavr/bin/../lib/gcc/avr/4.3.3/avr5\libgcc.a(_epilogue.o)
                0x00003c30                __epilogue_restores__
                0x00003c66                . = ALIGN (0x2)
 *(.fini9)
 .fini9         0x00003c66        0x0 c:/sdk/sdk_win_64/sdk_win_64/winavr/bin/../lib/gcc/avr/4.3.3/avr5\libgcc.a(_exit.o)
                0x00003c66                exit
                0x00003c66                _exit
 *(.fini9)
 *(.fini8)
 *(.fini8)
 *(.fini7)
 *(.fini7)
 *(.fini6)
 *(.fini6)
 *(.fini5)
 *(.fini5)
 *(.fini4)
 *(.fini4)
 *(.fini3)
 *(.fini3)
 *(.fini2)
 *(.fini2)
 *(.fini1)
 *(.fini1)
 *(.fini0)
 .fini0         0x00003c66        0x4 c:/sdk/sdk_win_64/sdk_win_64/winavr/bin/../lib/gcc/avr/4.3.3/avr5\libgcc.a(_exit.o)
 *(.fini0)
                0x00003c6a                _etext = .

.data           0x00800060      0x25c load address 0x00003c6a
                0x00800060                PROVIDE (__data_start, .)
 *(.data)
 .data          0x00800060        0x0 c:/sdk/sdk_win_64/sdk_win_64/winavr/bin/../lib/gcc/avr/4.3.3/../../../../avr/lib/avr5/crtm32.o
 .data          0x00800060        0x0 ./MCAL/TIMER0/TIMER0_prog.o
 .data          0x00800060        0x0 ./MCAL/EXTI/EXTI_prog.o
 .data          0x00800060        0x0 ./MCAL/DIO/DIO_prog.o
 .data          0x00800060        0x0 ./MCAL/ADC/ADC_prog.o
 .data          0x00800060        0x0 ./HAL/Switch/Switch_config.o
 .data          0x00800060        0x0 ./HAL/Switch/Switch_prog.o
 .data          0x00800060        0x0 ./HAL/LED/LED_prog.o
 .data          0x00800060        0x0 ./HAL/LCD/LCD_prog.o
 .data          0x00800060        0x0 ./HAL/Keypad/Keypad_prog.o
 .data          0x00800060        0x0 ./HAL/Buzzer/Buzz_prog.o
 .data          0x00800060        0x0 ./DoorControl/sensor/Sensor.o
 .data          0x00800060       0x31 ./DoorControl/Safety/Safety.o
 .data          0x00800091        0x9 ./DoorControl/Queue/Queue.o
 .data          0x0080009a       0x30 ./DoorControl/Door/Door.o
 .data          0x008000ca        0x0 ./APP/StateMachine/StateMachine.o
 .data          0x008000ca        0x0 ./APP/Scheduler/Schedule.o
 .data          0x008000ca        0x0 ./APP/Elevator/Elevator_Manager.o
 .data          0x008000ca        0x0 ./.metadata/.plugins/org.eclipse.cdt.make.core/specs.o
 .data          0x008000ca       0xc6 ./main.o
 .data          0x00800190        0x0 c:/sdk/sdk_win_64/sdk_win_64/winavr/bin/../lib/gcc/avr/4.3.3/avr5\libgcc.a(_mulsi3.o)
 .data          0x00800190        0x0 c:/sdk/sdk_win_64/sdk_win_64/winavr/bin/../lib/gcc/avr/4.3.3/avr5\libgcc.a(_divmodsi4.o)
 .data          0x00800190        0x0 c:/sdk/sdk_win_64/sdk_win_64/winavr/bin/../lib/gcc/avr/4.3.3/avr5\libgcc.a(_exit.o)
 .data          0x00800190        0x0 c:/sdk/sdk_win_64/sdk_win_64/winavr/bin/../lib/gcc/avr/4.3.3/avr5\libgcc.a(_copy_data.o)
 .data          0x00800190        0x0 c:/sdk/sdk_win_64/sdk_win_64/winavr/bin/../lib/gcc/avr/4.3.3/avr5\libgcc.a(_clear_bss.o)
 .data          0x00800190        0x0 c:/sdk/sdk_win_64/sdk_win_64/winavr/bin/../lib/gcc/avr/4.3.3/avr5\libgcc.a(_fixunssfsi.o)
 .data          0x00800190        0x0 c:/sdk/sdk_win_64/sdk_win_64/winavr/bin/../lib/gcc/avr/4.3.3/avr5\libgcc.a(_addsub_sf.o)
 .data          0x00800190        0x0 c:/sdk/sdk_win_64/sdk_win_64/winavr/bin/../lib/gcc/avr/4.3.3/avr5\libgcc.a(_mul_sf.o)
 .data          0x00800190        0x0 c:/sdk/sdk_win_64/sdk_win_64/winavr/bin/../lib/gcc/avr/4.3.3/avr5\libgcc.a(_gt_sf.o)
 .data          0x00800190        0x0 c:/sdk/sdk_win_64/sdk_win_64/winavr/bin/../lib/gcc/avr/4.3.3/avr5\libgcc.a(_ge_sf.o)
 .data          0x00800190        0x0 c:/sdk/sdk_win_64/sdk_win_64/winavr/bin/../lib/gcc/avr/4.3.3/avr5\libgcc.a(_lt_sf.o)
 .data          0x00800190        0x0 c:/sdk/sdk_win_64/sdk_win_64/winavr/bin/../lib/gcc/avr/4.3.3/avr5\libgcc.a(_si_to_sf.o)
 .data          0x00800190        0x0 c:/sdk/sdk_win_64/sdk_win_64/winavr/bin/../lib/gcc/avr/4.3.3/avr5\libgcc.a(_sf_to_si.o)
 .data          0x00800190        0x8 c:/sdk/sdk_win_64/sdk_win_64/winavr/bin/../lib/gcc/avr/4.3.3/avr5\libgcc.a(_thenan_sf.o)
                0x00800190                __thenan_sf
 .data          0x00800198        0x0 c:/sdk/sdk_win_64/sdk_win_64/winavr/bin/../lib/gcc/avr/4.3.3/avr5\libgcc.a(_udivmodsi4.o)
 .data          0x00800198        0x0 c:/sdk/sdk_win_64/sdk_win_64/winavr/bin/../lib/gcc/avr/4.3.3/avr5\libgcc.a(_prologue.o)
 .data          0x00800198        0x0 c:/sdk/sdk_win_64/sdk_win_64/winavr/bin/../lib/gcc/avr/4.3.3/avr5\libgcc.a(_epilogue.o)
 .data          0x00800198        0x0 c:/sdk/sdk_win_64/sdk_win_64/winavr/bin/../lib/gcc/avr/4.3.3/avr5\libgcc.a(_clzsi2.o)
 .data          0x00800198        0x0 c:/sdk/sdk_win_64/sdk_win_64/winavr/bin/../lib/gcc/avr/4.3.3/avr5\libgcc.a(_pack_sf.o)
 .data          0x00800198        0x0 c:/sdk/sdk_win_64/sdk_win_64/winavr/bin/../lib/gcc/avr/4.3.3/avr5\libgcc.a(_unpack_sf.o)
 .data          0x00800198        0x0 c:/sdk/sdk_win_64/sdk_win_64/winavr/bin/../lib/gcc/avr/4.3.3/avr5\libgcc.a(_fpcmp_parts_sf.o)
 .data          0x00800198      0x100 c:/sdk/sdk_win_64/sdk_win_64/winavr/bin/../lib/gcc/avr/4.3.3/avr5\libgcc.a(_clz.o)
                0x00800198                __clz_tab
 *(.data*)
 .data.Switch_u8MaxCount
                0x00800298        0x1 ./HAL/Switch/Switch_config.o
                0x00800298                Switch_u8MaxCount
 .data.Switch_astrSwInfos
                0x00800299       0x10 ./HAL/Switch/Switch_config.o
                0x00800299                Switch_astrSwInfos
 .data.TargetFloor
                0x008002a9        0x1 ./DoorControl/Queue/Queue.o
                0x008002a9                TargetFloor
 .data.CurrentFloor
                0x008002aa        0x1 ./DoorControl/Door/Door.o
                0x008002aa                CurrentFloor
 .data.g_u8CurrentFloor
                0x008002ab        0x1 ./main.o
 *(.rodata)
 *(.rodata*)
 .rodata.C.3.1349
                0x008002ac        0xc ./HAL/Keypad/Keypad_prog.o
 .rodata.C.0.1340
                0x008002b8        0x3 ./HAL/Keypad/Keypad_prog.o
 *(.gnu.linkonce.d*)
                0x008002bc                . = ALIGN (0x2)
 *fill*         0x008002bb        0x1 00
                0x008002bc                _edata = .
                0x008002bc                PROVIDE (__data_end, .)

.bss            0x008002bc       0x82
                0x008002bc                PROVIDE (__bss_start, .)
 *(.bss)
 .bss           0x008002bc        0x0 c:/sdk/sdk_win_64/sdk_win_64/winavr/bin/../lib/gcc/avr/4.3.3/../../../../avr/lib/avr5/crtm32.o
 .bss           0x008002bc        0x0 ./MCAL/TIMER0/TIMER0_prog.o
 .bss           0x008002bc        0x0 ./MCAL/EXTI/EXTI_prog.o
 .bss           0x008002bc        0x0 ./MCAL/DIO/DIO_prog.o
 .bss           0x008002bc        0x0 ./MCAL/ADC/ADC_prog.o
 .bss           0x008002bc        0x0 ./HAL/Switch/Switch_config.o
 .bss           0x008002bc        0x0 ./HAL/Switch/Switch_prog.o
 .bss           0x008002bc        0x0 ./HAL/LED/LED_prog.o
 .bss           0x008002bc        0x0 ./HAL/LCD/LCD_prog.o
 .bss           0x008002bc        0x0 ./HAL/Keypad/Keypad_prog.o
 .bss           0x008002bc        0x0 ./HAL/Buzzer/Buzz_prog.o
 .bss           0x008002bc        0x0 ./DoorControl/sensor/Sensor.o
 .bss           0x008002bc        0x0 ./DoorControl/Safety/Safety.o
 .bss           0x008002bc        0x0 ./DoorControl/Queue/Queue.o
 .bss           0x008002bc        0x0 ./DoorControl/Door/Door.o
 .bss           0x008002bc        0x0 ./APP/StateMachine/StateMachine.o
 .bss           0x008002bc        0x0 ./APP/Scheduler/Schedule.o
 .bss           0x008002bc        0x0 ./APP/Elevator/Elevator_Manager.o
 .bss           0x008002bc        0x0 ./.metadata/.plugins/org.eclipse.cdt.make.core/specs.o
 .bss           0x008002bc        0x0 ./main.o
 .bss           0x008002bc        0x0 c:/sdk/sdk_win_64/sdk_win_64/winavr/bin/../lib/gcc/avr/4.3.3/avr5\libgcc.a(_mulsi3.o)
 .bss           0x008002bc        0x0 c:/sdk/sdk_win_64/sdk_win_64/winavr/bin/../lib/gcc/avr/4.3.3/avr5\libgcc.a(_divmodsi4.o)
 .bss           0x008002bc        0x0 c:/sdk/sdk_win_64/sdk_win_64/winavr/bin/../lib/gcc/avr/4.3.3/avr5\libgcc.a(_exit.o)
 .bss           0x008002bc        0x0 c:/sdk/sdk_win_64/sdk_win_64/winavr/bin/../lib/gcc/avr/4.3.3/avr5\libgcc.a(_copy_data.o)
 .bss           0x008002bc        0x0 c:/sdk/sdk_win_64/sdk_win_64/winavr/bin/../lib/gcc/avr/4.3.3/avr5\libgcc.a(_clear_bss.o)
 .bss           0x008002bc        0x0 c:/sdk/sdk_win_64/sdk_win_64/winavr/bin/../lib/gcc/avr/4.3.3/avr5\libgcc.a(_fixunssfsi.o)
 .bss           0x008002bc        0x0 c:/sdk/sdk_win_64/sdk_win_64/winavr/bin/../lib/gcc/avr/4.3.3/avr5\libgcc.a(_addsub_sf.o)
 .bss           0x008002bc        0x0 c:/sdk/sdk_win_64/sdk_win_64/winavr/bin/../lib/gcc/avr/4.3.3/avr5\libgcc.a(_mul_sf.o)
 .bss           0x008002bc        0x0 c:/sdk/sdk_win_64/sdk_win_64/winavr/bin/../lib/gcc/avr/4.3.3/avr5\libgcc.a(_gt_sf.o)
 .bss           0x008002bc        0x0 c:/sdk/sdk_win_64/sdk_win_64/winavr/bin/../lib/gcc/avr/4.3.3/avr5\libgcc.a(_ge_sf.o)
 .bss           0x008002bc        0x0 c:/sdk/sdk_win_64/sdk_win_64/winavr/bin/../lib/gcc/avr/4.3.3/avr5\libgcc.a(_lt_sf.o)
 .bss           0x008002bc        0x0 c:/sdk/sdk_win_64/sdk_win_64/winavr/bin/../lib/gcc/avr/4.3.3/avr5\libgcc.a(_si_to_sf.o)
 .bss           0x008002bc        0x0 c:/sdk/sdk_win_64/sdk_win_64/winavr/bin/../lib/gcc/avr/4.3.3/avr5\libgcc.a(_sf_to_si.o)
 .bss           0x008002bc        0x0 c:/sdk/sdk_win_64/sdk_win_64/winavr/bin/../lib/gcc/avr/4.3.3/avr5\libgcc.a(_thenan_sf.o)
 .bss           0x008002bc        0x0 c:/sdk/sdk_win_64/sdk_win_64/winavr/bin/../lib/gcc/avr/4.3.3/avr5\libgcc.a(_udivmodsi4.o)
 .bss           0x008002bc        0x0 c:/sdk/sdk_win_64/sdk_win_64/winavr/bin/../lib/gcc/avr/4.3.3/avr5\libgcc.a(_prologue.o)
 .bss           0x008002bc        0x0 c:/sdk/sdk_win_64/sdk_win_64/winavr/bin/../lib/gcc/avr/4.3.3/avr5\libgcc.a(_epilogue.o)
 .bss           0x008002bc        0x0 c:/sdk/sdk_win_64/sdk_win_64/winavr/bin/../lib/gcc/avr/4.3.3/avr5\libgcc.a(_clzsi2.o)
 .bss           0x008002bc        0x0 c:/sdk/sdk_win_64/sdk_win_64/winavr/bin/../lib/gcc/avr/4.3.3/avr5\libgcc.a(_pack_sf.o)
 .bss           0x008002bc        0x0 c:/sdk/sdk_win_64/sdk_win_64/winavr/bin/../lib/gcc/avr/4.3.3/avr5\libgcc.a(_unpack_sf.o)
 .bss           0x008002bc        0x0 c:/sdk/sdk_win_64/sdk_win_64/winavr/bin/../lib/gcc/avr/4.3.3/avr5\libgcc.a(_fpcmp_parts_sf.o)
 .bss           0x008002bc        0x0 c:/sdk/sdk_win_64/sdk_win_64/winavr/bin/../lib/gcc/avr/4.3.3/avr5\libgcc.a(_clz.o)
 *(.bss*)
 .bss.LOC_pfunIsrFunction
                0x008002bc        0x2 ./MCAL/TIMER0/TIMER0_prog.o
 .bss.LOC_pfunIsr0Function
                0x008002be        0x2 ./MCAL/EXTI/EXTI_prog.o
 .bss.LOC_pfunIsr1Function
                0x008002c0        0x2 ./MCAL/EXTI/EXTI_prog.o
 .bss.LOC_pfunIsr2Function
                0x008002c2        0x2 ./MCAL/EXTI/EXTI_prog.o
 .bss.LOC_pfunIsrCallback
                0x008002c4        0x2 ./MCAL/ADC/ADC_prog.o
 .bss.LoadValue
                0x008002c6        0x2 ./DoorControl/Safety/Safety.o
 .bss.ObstructionCounter
                0x008002c8        0x1 ./DoorControl/Safety/Safety.o
 .bss.Front     0x008002c9        0x1 ./DoorControl/Queue/Queue.o
                0x008002c9                Front
 .bss.Rear      0x008002ca        0x1 ./DoorControl/Queue/Queue.o
                0x008002ca                Rear
 .bss.DoorState
                0x008002cb        0x1 ./DoorControl/Door/Door.o
                0x008002cb                DoorState
 .bss.ElevatorState
                0x008002cc        0x1 ./DoorControl/Door/Door.o
                0x008002cc                ElevatorState
 .bss.DoorBusy  0x008002cd        0x1 ./DoorControl/Door/Door.o
                0x008002cd                DoorBusy
 .bss.Scheduler_u8TickFlag
                0x008002ce        0x1 ./APP/Scheduler/Schedule.o
 .bss.SchedulerTasks
                0x008002cf       0x64 ./APP/Scheduler/Schedule.o
 .bss.g_bDoorIsClosed
                0x00800333        0x1 ./main.o
 *(COMMON)
 COMMON         0x00800334        0x0 ./DoorControl/Safety/Safety.o
 COMMON         0x00800334        0xa ./DoorControl/Queue/Queue.o
                0x00800334                RequestQueue
                0x0080033e                PROVIDE (__bss_end, .)
                0x00003c6a                __data_load_start = LOADADDR (.data)
                0x00003ec6                __data_load_end = (__data_load_start + SIZEOF (.data))

.noinit         0x0080033e        0x0
                0x0080033e                PROVIDE (__noinit_start, .)
 *(.noinit*)
                0x0080033e                PROVIDE (__noinit_end, .)
                0x0080033e                _end = .
                0x0080033e                PROVIDE (__heap_start, .)

.eeprom         0x00810000        0x0
 *(.eeprom*)
                0x00810000                __eeprom_end = .

.fuse
 *(.fuse)
 *(.lfuse)
 *(.hfuse)
 *(.efuse)

.lock
 *(.lock*)

.signature
 *(.signature*)

.stab           0x00000000     0x561c
 *(.stab)
 .stab          0x00000000      0x330 ./MCAL/TIMER0/TIMER0_prog.o
 .stab          0x00000330      0x348 ./MCAL/EXTI/EXTI_prog.o
                                0x354 (size before relaxing)
 .stab          0x00000678      0x600 ./MCAL/DIO/DIO_prog.o
                                0x60c (size before relaxing)
 .stab          0x00000c78      0x4d4 ./MCAL/ADC/ADC_prog.o
                                0x4e0 (size before relaxing)
 .stab          0x0000114c      0x204 ./HAL/Switch/Switch_config.o
                                0x210 (size before relaxing)
 .stab          0x00001350      0x4b0 ./HAL/Switch/Switch_prog.o
                                0x5ac (size before relaxing)
 .stab          0x00001800      0x3b4 ./HAL/LED/LED_prog.o
                                0x3c0 (size before relaxing)
 .stab          0x00001bb4      0x810 ./HAL/LCD/LCD_prog.o
                                0x81c (size before relaxing)
 .stab          0x000023c4      0x4f8 ./HAL/Keypad/Keypad_prog.o
                                0x690 (size before relaxing)
 .stab          0x000028bc      0x8f4 ./HAL/Buzzer/Buzz_prog.o
                                0xa8c (size before relaxing)
 .stab          0x000031b0      0x240 ./DoorControl/sensor/Sensor.o
                                0x24c (size before relaxing)
 .stab          0x000033f0      0x570 ./DoorControl/Safety/Safety.o
                                0x57c (size before relaxing)
 .stab          0x00003960      0x558 ./DoorControl/Queue/Queue.o
                                0x564 (size before relaxing)
 .stab          0x00003eb8      0x3cc ./DoorControl/Door/Door.o
                                0x3d8 (size before relaxing)
 .stab          0x00004284      0x258 ./APP/StateMachine/StateMachine.o
                                0x264 (size before relaxing)
 .stab          0x000044dc      0x3e4 ./APP/Scheduler/Schedule.o
                                0x3f0 (size before relaxing)
 .stab          0x000048c0      0x294 ./APP/Elevator/Elevator_Manager.o
                                0x2a0 (size before relaxing)
 .stab          0x00004b54       0xd8 ./.metadata/.plugins/org.eclipse.cdt.make.core/specs.o
                                 0xe4 (size before relaxing)
 .stab          0x00004c2c      0x9f0 ./main.o
                                0x9fc (size before relaxing)

.stabstr        0x00000000     0x2beb
 *(.stabstr)
 .stabstr       0x00000000     0x2beb ./MCAL/TIMER0/TIMER0_prog.o

.stab.excl
 *(.stab.excl)

.stab.exclstr
 *(.stab.exclstr)

.stab.index
 *(.stab.index)

.stab.indexstr
 *(.stab.indexstr)

.comment
 *(.comment)

.debug
 *(.debug)

.line
 *(.line)

.debug_srcinfo
 *(.debug_srcinfo)

.debug_sfnames
 *(.debug_sfnames)

.debug_aranges  0x00000000      0x180
 *(.debug_aranges)
 .debug_aranges
                0x00000000       0x20 c:/sdk/sdk_win_64/sdk_win_64/winavr/bin/../lib/gcc/avr/4.3.3/avr5\libgcc.a(_fixunssfsi.o)
 .debug_aranges
                0x00000020       0x20 c:/sdk/sdk_win_64/sdk_win_64/winavr/bin/../lib/gcc/avr/4.3.3/avr5\libgcc.a(_addsub_sf.o)
 .debug_aranges
                0x00000040       0x20 c:/sdk/sdk_win_64/sdk_win_64/winavr/bin/../lib/gcc/avr/4.3.3/avr5\libgcc.a(_mul_sf.o)
 .debug_aranges
                0x00000060       0x20 c:/sdk/sdk_win_64/sdk_win_64/winavr/bin/../lib/gcc/avr/4.3.3/avr5\libgcc.a(_gt_sf.o)
 .debug_aranges
                0x00000080       0x20 c:/sdk/sdk_win_64/sdk_win_64/winavr/bin/../lib/gcc/avr/4.3.3/avr5\libgcc.a(_ge_sf.o)
 .debug_aranges
                0x000000a0       0x20 c:/sdk/sdk_win_64/sdk_win_64/winavr/bin/../lib/gcc/avr/4.3.3/avr5\libgcc.a(_lt_sf.o)
 .debug_aranges
                0x000000c0       0x20 c:/sdk/sdk_win_64/sdk_win_64/winavr/bin/../lib/gcc/avr/4.3.3/avr5\libgcc.a(_si_to_sf.o)
 .debug_aranges
                0x000000e0       0x20 c:/sdk/sdk_win_64/sdk_win_64/winavr/bin/../lib/gcc/avr/4.3.3/avr5\libgcc.a(_sf_to_si.o)
 .debug_aranges
                0x00000100       0x20 c:/sdk/sdk_win_64/sdk_win_64/winavr/bin/../lib/gcc/avr/4.3.3/avr5\libgcc.a(_clzsi2.o)
 .debug_aranges
                0x00000120       0x20 c:/sdk/sdk_win_64/sdk_win_64/winavr/bin/../lib/gcc/avr/4.3.3/avr5\libgcc.a(_pack_sf.o)
 .debug_aranges
                0x00000140       0x20 c:/sdk/sdk_win_64/sdk_win_64/winavr/bin/../lib/gcc/avr/4.3.3/avr5\libgcc.a(_unpack_sf.o)
 .debug_aranges
                0x00000160       0x20 c:/sdk/sdk_win_64/sdk_win_64/winavr/bin/../lib/gcc/avr/4.3.3/avr5\libgcc.a(_fpcmp_parts_sf.o)

.debug_pubnames
                0x00000000      0x1d1
 *(.debug_pubnames)
 .debug_pubnames
                0x00000000       0x23 c:/sdk/sdk_win_64/sdk_win_64/winavr/bin/../lib/gcc/avr/4.3.3/avr5\libgcc.a(_fixunssfsi.o)
 .debug_pubnames
                0x00000023       0x2c c:/sdk/sdk_win_64/sdk_win_64/winavr/bin/../lib/gcc/avr/4.3.3/avr5\libgcc.a(_addsub_sf.o)
 .debug_pubnames
                0x0000004f       0x1f c:/sdk/sdk_win_64/sdk_win_64/winavr/bin/../lib/gcc/avr/4.3.3/avr5\libgcc.a(_mul_sf.o)
 .debug_pubnames
                0x0000006e       0x1e c:/sdk/sdk_win_64/sdk_win_64/winavr/bin/../lib/gcc/avr/4.3.3/avr5\libgcc.a(_gt_sf.o)
 .debug_pubnames
                0x0000008c       0x1e c:/sdk/sdk_win_64/sdk_win_64/winavr/bin/../lib/gcc/avr/4.3.3/avr5\libgcc.a(_ge_sf.o)
 .debug_pubnames
                0x000000aa       0x1e c:/sdk/sdk_win_64/sdk_win_64/winavr/bin/../lib/gcc/avr/4.3.3/avr5\libgcc.a(_lt_sf.o)
 .debug_pubnames
                0x000000c8       0x22 c:/sdk/sdk_win_64/sdk_win_64/winavr/bin/../lib/gcc/avr/4.3.3/avr5\libgcc.a(_si_to_sf.o)
 .debug_pubnames
                0x000000ea       0x20 c:/sdk/sdk_win_64/sdk_win_64/winavr/bin/../lib/gcc/avr/4.3.3/avr5\libgcc.a(_sf_to_si.o)
 .debug_pubnames
                0x0000010a       0x22 c:/sdk/sdk_win_64/sdk_win_64/winavr/bin/../lib/gcc/avr/4.3.3/avr5\libgcc.a(_thenan_sf.o)
 .debug_pubnames
                0x0000012c       0x1f c:/sdk/sdk_win_64/sdk_win_64/winavr/bin/../lib/gcc/avr/4.3.3/avr5\libgcc.a(_clzsi2.o)
 .debug_pubnames
                0x0000014b       0x1f c:/sdk/sdk_win_64/sdk_win_64/winavr/bin/../lib/gcc/avr/4.3.3/avr5\libgcc.a(_pack_sf.o)
 .debug_pubnames
                0x0000016a       0x21 c:/sdk/sdk_win_64/sdk_win_64/winavr/bin/../lib/gcc/avr/4.3.3/avr5\libgcc.a(_unpack_sf.o)
 .debug_pubnames
                0x0000018b       0x26 c:/sdk/sdk_win_64/sdk_win_64/winavr/bin/../lib/gcc/avr/4.3.3/avr5\libgcc.a(_fpcmp_parts_sf.o)
 .debug_pubnames
                0x000001b1       0x20 c:/sdk/sdk_win_64/sdk_win_64/winavr/bin/../lib/gcc/avr/4.3.3/avr5\libgcc.a(_clz.o)

.debug_info     0x00000000     0x2010
 *(.debug_info)
 .debug_info    0x00000000       0xb1 c:/sdk/sdk_win_64/sdk_win_64/winavr/bin/../lib/gcc/avr/4.3.3/avr5\libgcc.a(_fixunssfsi.o)
 .debug_info    0x000000b1      0x47a c:/sdk/sdk_win_64/sdk_win_64/winavr/bin/../lib/gcc/avr/4.3.3/avr5\libgcc.a(_addsub_sf.o)
 .debug_info    0x0000052b      0x485 c:/sdk/sdk_win_64/sdk_win_64/winavr/bin/../lib/gcc/avr/4.3.3/avr5\libgcc.a(_mul_sf.o)
 .debug_info    0x000009b0      0x27f c:/sdk/sdk_win_64/sdk_win_64/winavr/bin/../lib/gcc/avr/4.3.3/avr5\libgcc.a(_gt_sf.o)
 .debug_info    0x00000c2f      0x27f c:/sdk/sdk_win_64/sdk_win_64/winavr/bin/../lib/gcc/avr/4.3.3/avr5\libgcc.a(_ge_sf.o)
 .debug_info    0x00000eae      0x27f c:/sdk/sdk_win_64/sdk_win_64/winavr/bin/../lib/gcc/avr/4.3.3/avr5\libgcc.a(_lt_sf.o)
 .debug_info    0x0000112d      0x207 c:/sdk/sdk_win_64/sdk_win_64/winavr/bin/../lib/gcc/avr/4.3.3/avr5\libgcc.a(_si_to_sf.o)
 .debug_info    0x00001334      0x2b0 c:/sdk/sdk_win_64/sdk_win_64/winavr/bin/../lib/gcc/avr/4.3.3/avr5\libgcc.a(_sf_to_si.o)
 .debug_info    0x000015e4      0x12c c:/sdk/sdk_win_64/sdk_win_64/winavr/bin/../lib/gcc/avr/4.3.3/avr5\libgcc.a(_thenan_sf.o)
 .debug_info    0x00001710      0x117 c:/sdk/sdk_win_64/sdk_win_64/winavr/bin/../lib/gcc/avr/4.3.3/avr5\libgcc.a(_clzsi2.o)
 .debug_info    0x00001827      0x2df c:/sdk/sdk_win_64/sdk_win_64/winavr/bin/../lib/gcc/avr/4.3.3/avr5\libgcc.a(_pack_sf.o)
 .debug_info    0x00001b06      0x251 c:/sdk/sdk_win_64/sdk_win_64/winavr/bin/../lib/gcc/avr/4.3.3/avr5\libgcc.a(_unpack_sf.o)
 .debug_info    0x00001d57      0x210 c:/sdk/sdk_win_64/sdk_win_64/winavr/bin/../lib/gcc/avr/4.3.3/avr5\libgcc.a(_fpcmp_parts_sf.o)
 .debug_info    0x00001f67       0xa9 c:/sdk/sdk_win_64/sdk_win_64/winavr/bin/../lib/gcc/avr/4.3.3/avr5\libgcc.a(_clz.o)
 *(.gnu.linkonce.wi.*)

.debug_abbrev   0x00000000     0x1161
 *(.debug_abbrev)
 .debug_abbrev  0x00000000       0x5d c:/sdk/sdk_win_64/sdk_win_64/winavr/bin/../lib/gcc/avr/4.3.3/avr5\libgcc.a(_fixunssfsi.o)
 .debug_abbrev  0x0000005d      0x1ea c:/sdk/sdk_win_64/sdk_win_64/winavr/bin/../lib/gcc/avr/4.3.3/avr5\libgcc.a(_addsub_sf.o)
 .debug_abbrev  0x00000247      0x21b c:/sdk/sdk_win_64/sdk_win_64/winavr/bin/../lib/gcc/avr/4.3.3/avr5\libgcc.a(_mul_sf.o)
 .debug_abbrev  0x00000462      0x15a c:/sdk/sdk_win_64/sdk_win_64/winavr/bin/../lib/gcc/avr/4.3.3/avr5\libgcc.a(_gt_sf.o)
 .debug_abbrev  0x000005bc      0x15a c:/sdk/sdk_win_64/sdk_win_64/winavr/bin/../lib/gcc/avr/4.3.3/avr5\libgcc.a(_ge_sf.o)
 .debug_abbrev  0x00000716      0x15a c:/sdk/sdk_win_64/sdk_win_64/winavr/bin/../lib/gcc/avr/4.3.3/avr5\libgcc.a(_lt_sf.o)
 .debug_abbrev  0x00000870      0x148 c:/sdk/sdk_win_64/sdk_win_64/winavr/bin/../lib/gcc/avr/4.3.3/avr5\libgcc.a(_si_to_sf.o)
 .debug_abbrev  0x000009b8      0x17f c:/sdk/sdk_win_64/sdk_win_64/winavr/bin/../lib/gcc/avr/4.3.3/avr5\libgcc.a(_sf_to_si.o)
 .debug_abbrev  0x00000b37       0xad c:/sdk/sdk_win_64/sdk_win_64/winavr/bin/../lib/gcc/avr/4.3.3/avr5\libgcc.a(_thenan_sf.o)
 .debug_abbrev  0x00000be4       0xc4 c:/sdk/sdk_win_64/sdk_win_64/winavr/bin/../lib/gcc/avr/4.3.3/avr5\libgcc.a(_clzsi2.o)
 .debug_abbrev  0x00000ca8      0x1c0 c:/sdk/sdk_win_64/sdk_win_64/winavr/bin/../lib/gcc/avr/4.3.3/avr5\libgcc.a(_pack_sf.o)
 .debug_abbrev  0x00000e68      0x154 c:/sdk/sdk_win_64/sdk_win_64/winavr/bin/../lib/gcc/avr/4.3.3/avr5\libgcc.a(_unpack_sf.o)
 .debug_abbrev  0x00000fbc      0x13b c:/sdk/sdk_win_64/sdk_win_64/winavr/bin/../lib/gcc/avr/4.3.3/avr5\libgcc.a(_fpcmp_parts_sf.o)
 .debug_abbrev  0x000010f7       0x6a c:/sdk/sdk_win_64/sdk_win_64/winavr/bin/../lib/gcc/avr/4.3.3/avr5\libgcc.a(_clz.o)

.debug_line     0x00000000     0x1003
 *(.debug_line)
 .debug_line    0x00000000       0xa7 c:/sdk/sdk_win_64/sdk_win_64/winavr/bin/../lib/gcc/avr/4.3.3/avr5\libgcc.a(_fixunssfsi.o)
 .debug_line    0x000000a7      0x2af c:/sdk/sdk_win_64/sdk_win_64/winavr/bin/../lib/gcc/avr/4.3.3/avr5\libgcc.a(_addsub_sf.o)
 .debug_line    0x00000356      0x239 c:/sdk/sdk_win_64/sdk_win_64/winavr/bin/../lib/gcc/avr/4.3.3/avr5\libgcc.a(_mul_sf.o)
 .debug_line    0x0000058f       0xd3 c:/sdk/sdk_win_64/sdk_win_64/winavr/bin/../lib/gcc/avr/4.3.3/avr5\libgcc.a(_gt_sf.o)
 .debug_line    0x00000662       0xd3 c:/sdk/sdk_win_64/sdk_win_64/winavr/bin/../lib/gcc/avr/4.3.3/avr5\libgcc.a(_ge_sf.o)
 .debug_line    0x00000735       0xd3 c:/sdk/sdk_win_64/sdk_win_64/winavr/bin/../lib/gcc/avr/4.3.3/avr5\libgcc.a(_lt_sf.o)
 .debug_line    0x00000808      0x135 c:/sdk/sdk_win_64/sdk_win_64/winavr/bin/../lib/gcc/avr/4.3.3/avr5\libgcc.a(_si_to_sf.o)
 .debug_line    0x0000093d      0x109 c:/sdk/sdk_win_64/sdk_win_64/winavr/bin/../lib/gcc/avr/4.3.3/avr5\libgcc.a(_sf_to_si.o)
 .debug_line    0x00000a46       0x90 c:/sdk/sdk_win_64/sdk_win_64/winavr/bin/../lib/gcc/avr/4.3.3/avr5\libgcc.a(_thenan_sf.o)
 .debug_line    0x00000ad6       0xa5 c:/sdk/sdk_win_64/sdk_win_64/winavr/bin/../lib/gcc/avr/4.3.3/avr5\libgcc.a(_clzsi2.o)
 .debug_line    0x00000b7b      0x18a c:/sdk/sdk_win_64/sdk_win_64/winavr/bin/../lib/gcc/avr/4.3.3/avr5\libgcc.a(_pack_sf.o)
 .debug_line    0x00000d05      0x14b c:/sdk/sdk_win_64/sdk_win_64/winavr/bin/../lib/gcc/avr/4.3.3/avr5\libgcc.a(_unpack_sf.o)
 .debug_line    0x00000e50      0x137 c:/sdk/sdk_win_64/sdk_win_64/winavr/bin/../lib/gcc/avr/4.3.3/avr5\libgcc.a(_fpcmp_parts_sf.o)
 .debug_line    0x00000f87       0x7c c:/sdk/sdk_win_64/sdk_win_64/winavr/bin/../lib/gcc/avr/4.3.3/avr5\libgcc.a(_clz.o)

.debug_frame    0x00000000      0x1a0
 *(.debug_frame)
 .debug_frame   0x00000000       0x20 c:/sdk/sdk_win_64/sdk_win_64/winavr/bin/../lib/gcc/avr/4.3.3/avr5\libgcc.a(_fixunssfsi.o)
 .debug_frame   0x00000020       0x40 c:/sdk/sdk_win_64/sdk_win_64/winavr/bin/../lib/gcc/avr/4.3.3/avr5\libgcc.a(_addsub_sf.o)
 .debug_frame   0x00000060       0x20 c:/sdk/sdk_win_64/sdk_win_64/winavr/bin/../lib/gcc/avr/4.3.3/avr5\libgcc.a(_mul_sf.o)
 .debug_frame   0x00000080       0x20 c:/sdk/sdk_win_64/sdk_win_64/winavr/bin/../lib/gcc/avr/4.3.3/avr5\libgcc.a(_gt_sf.o)
 .debug_frame   0x000000a0       0x20 c:/sdk/sdk_win_64/sdk_win_64/winavr/bin/../lib/gcc/avr/4.3.3/avr5\libgcc.a(_ge_sf.o)
 .debug_frame   0x000000c0       0x20 c:/sdk/sdk_win_64/sdk_win_64/winavr/bin/../lib/gcc/avr/4.3.3/avr5\libgcc.a(_lt_sf.o)
 .debug_frame   0x000000e0       0x20 c:/sdk/sdk_win_64/sdk_win_64/winavr/bin/../lib/gcc/avr/4.3.3/avr5\libgcc.a(_si_to_sf.o)
 .debug_frame   0x00000100       0x20 c:/sdk/sdk_win_64/sdk_win_64/winavr/bin/../lib/gcc/avr/4.3.3/avr5\libgcc.a(_sf_to_si.o)
 .debug_frame   0x00000120       0x20 c:/sdk/sdk_win_64/sdk_win_64/winavr/bin/../lib/gcc/avr/4.3.3/avr5\libgcc.a(_clzsi2.o)
 .debug_frame   0x00000140       0x20 c:/sdk/sdk_win_64/sdk_win_64/winavr/bin/../lib/gcc/avr/4.3.3/avr5\libgcc.a(_pack_sf.o)
 .debug_frame   0x00000160       0x20 c:/sdk/sdk_win_64/sdk_win_64/winavr/bin/../lib/gcc/avr/4.3.3/avr5\libgcc.a(_unpack_sf.o)
 .debug_frame   0x00000180       0x20 c:/sdk/sdk_win_64/sdk_win_64/winavr/bin/../lib/gcc/avr/4.3.3/avr5\libgcc.a(_fpcmp_parts_sf.o)

.debug_str      0x00000000      0x2be
 *(.debug_str)
 .debug_str     0x00000000       0xbf c:/sdk/sdk_win_64/sdk_win_64/winavr/bin/../lib/gcc/avr/4.3.3/avr5\libgcc.a(_fixunssfsi.o)
                                 0xfe (size before relaxing)
 .debug_str     0x000000bf      0x14d c:/sdk/sdk_win_64/sdk_win_64/winavr/bin/../lib/gcc/avr/4.3.3/avr5\libgcc.a(_addsub_sf.o)
                                0x206 (size before relaxing)
 .debug_str     0x0000020c       0x27 c:/sdk/sdk_win_64/sdk_win_64/winavr/bin/../lib/gcc/avr/4.3.3/avr5\libgcc.a(_mul_sf.o)
                                0x1bf (size before relaxing)
 .debug_str     0x00000233        0x8 c:/sdk/sdk_win_64/sdk_win_64/winavr/bin/../lib/gcc/avr/4.3.3/avr5\libgcc.a(_gt_sf.o)
                                0x195 (size before relaxing)
 .debug_str     0x0000023b        0x8 c:/sdk/sdk_win_64/sdk_win_64/winavr/bin/../lib/gcc/avr/4.3.3/avr5\libgcc.a(_ge_sf.o)
                                0x195 (size before relaxing)
 .debug_str     0x00000243        0x8 c:/sdk/sdk_win_64/sdk_win_64/winavr/bin/../lib/gcc/avr/4.3.3/avr5\libgcc.a(_lt_sf.o)
                                0x195 (size before relaxing)
 .debug_str     0x0000024b       0x1e c:/sdk/sdk_win_64/sdk_win_64/winavr/bin/../lib/gcc/avr/4.3.3/avr5\libgcc.a(_si_to_sf.o)
                                0x17b (size before relaxing)
 .debug_str     0x00000269        0xa c:/sdk/sdk_win_64/sdk_win_64/winavr/bin/../lib/gcc/avr/4.3.3/avr5\libgcc.a(_sf_to_si.o)
                                0x19e (size before relaxing)
 .debug_str     0x00000000      0x103 c:/sdk/sdk_win_64/sdk_win_64/winavr/bin/../lib/gcc/avr/4.3.3/avr5\libgcc.a(_thenan_sf.o)
 .debug_str     0x00000273       0x20 c:/sdk/sdk_win_64/sdk_win_64/winavr/bin/../lib/gcc/avr/4.3.3/avr5\libgcc.a(_clzsi2.o)
                                0x111 (size before relaxing)
 .debug_str     0x00000293       0x10 c:/sdk/sdk_win_64/sdk_win_64/winavr/bin/../lib/gcc/avr/4.3.3/avr5\libgcc.a(_pack_sf.o)
                                0x19d (size before relaxing)
 .debug_str     0x000002a3        0xb c:/sdk/sdk_win_64/sdk_win_64/winavr/bin/../lib/gcc/avr/4.3.3/avr5\libgcc.a(_unpack_sf.o)
                                0x17f (size before relaxing)
 .debug_str     0x000002ae       0x10 c:/sdk/sdk_win_64/sdk_win_64/winavr/bin/../lib/gcc/avr/4.3.3/avr5\libgcc.a(_fpcmp_parts_sf.o)
                                0x163 (size before relaxing)
 .debug_str     0x00000000       0xf4 c:/sdk/sdk_win_64/sdk_win_64/winavr/bin/../lib/gcc/avr/4.3.3/avr5\libgcc.a(_clz.o)

.debug_loc      0x00000000      0x90e
 *(.debug_loc)
 .debug_loc     0x00000000       0x34 c:/sdk/sdk_win_64/sdk_win_64/winavr/bin/../lib/gcc/avr/4.3.3/avr5\libgcc.a(_fixunssfsi.o)
 .debug_loc     0x00000034      0x32a c:/sdk/sdk_win_64/sdk_win_64/winavr/bin/../lib/gcc/avr/4.3.3/avr5\libgcc.a(_addsub_sf.o)
 .debug_loc     0x0000035e      0x104 c:/sdk/sdk_win_64/sdk_win_64/winavr/bin/../lib/gcc/avr/4.3.3/avr5\libgcc.a(_mul_sf.o)
 .debug_loc     0x00000462       0x3c c:/sdk/sdk_win_64/sdk_win_64/winavr/bin/../lib/gcc/avr/4.3.3/avr5\libgcc.a(_gt_sf.o)
 .debug_loc     0x0000049e       0x3c c:/sdk/sdk_win_64/sdk_win_64/winavr/bin/../lib/gcc/avr/4.3.3/avr5\libgcc.a(_ge_sf.o)
 .debug_loc     0x000004da       0x3c c:/sdk/sdk_win_64/sdk_win_64/winavr/bin/../lib/gcc/avr/4.3.3/avr5\libgcc.a(_lt_sf.o)
 .debug_loc     0x00000516       0xac c:/sdk/sdk_win_64/sdk_win_64/winavr/bin/../lib/gcc/avr/4.3.3/avr5\libgcc.a(_si_to_sf.o)
 .debug_loc     0x000005c2       0x7e c:/sdk/sdk_win_64/sdk_win_64/winavr/bin/../lib/gcc/avr/4.3.3/avr5\libgcc.a(_sf_to_si.o)
 .debug_loc     0x00000640       0x94 c:/sdk/sdk_win_64/sdk_win_64/winavr/bin/../lib/gcc/avr/4.3.3/avr5\libgcc.a(_clzsi2.o)
 .debug_loc     0x000006d4      0x13e c:/sdk/sdk_win_64/sdk_win_64/winavr/bin/../lib/gcc/avr/4.3.3/avr5\libgcc.a(_pack_sf.o)
 .debug_loc     0x00000812       0xac c:/sdk/sdk_win_64/sdk_win_64/winavr/bin/../lib/gcc/avr/4.3.3/avr5\libgcc.a(_unpack_sf.o)
 .debug_loc     0x000008be       0x50 c:/sdk/sdk_win_64/sdk_win_64/winavr/bin/../lib/gcc/avr/4.3.3/avr5\libgcc.a(_fpcmp_parts_sf.o)

.debug_macinfo
 *(.debug_macinfo)
OUTPUT(project0.elf elf32-avr)
LOAD linker stubs

.debug_ranges   0x00000000       0x50
 .debug_ranges  0x00000000       0x50 c:/sdk/sdk_win_64/sdk_win_64/winavr/bin/../lib/gcc/avr/4.3.3/avr5\libgcc.a(_mul_sf.o)
